------------------------------------------------------------
TimeQuest Timing Analyzer Summary
------------------------------------------------------------

Type  : Slow Model Setup 'CLK'
Slack : -2.796
TNS   : -93.453

Type  : Slow Model Setup 'elimina_rebote:inst3|state.valid'
Slack : -1.809
TNS   : -7.178

Type  : Slow Model Setup 'cont_4:inst1|clk_o'
Slack : -0.230
TNS   : -0.659

Type  : Slow Model Hold 'CLK'
Slack : -2.550
TNS   : -23.461

Type  : Slow Model Hold 'cont_4:inst1|clk_o'
Slack : 0.391
TNS   : 0.000

Type  : Slow Model Hold 'elimina_rebote:inst3|state.valid'
Slack : 1.838
TNS   : 0.000

Type  : Slow Model Minimum Pulse Width 'CLK'
Slack : -1.380
TNS   : -52.380

Type  : Slow Model Minimum Pulse Width 'cont_4:inst1|clk_o'
Slack : -0.500
TNS   : -4.000

Type  : Slow Model Minimum Pulse Width 'elimina_rebote:inst3|state.valid'
Slack : 0.500
TNS   : 0.000

Type  : Fast Model Setup 'CLK'
Slack : -0.678
TNS   : -16.459

Type  : Fast Model Setup 'elimina_rebote:inst3|state.valid'
Slack : -0.633
TNS   : -2.498

Type  : Fast Model Setup 'cont_4:inst1|clk_o'
Slack : 0.359
TNS   : 0.000

Type  : Fast Model Hold 'CLK'
Slack : -1.592
TNS   : -17.682

Type  : Fast Model Hold 'cont_4:inst1|clk_o'
Slack : 0.215
TNS   : 0.000

Type  : Fast Model Hold 'elimina_rebote:inst3|state.valid'
Slack : 1.229
TNS   : 0.000

Type  : Fast Model Minimum Pulse Width 'CLK'
Slack : -1.380
TNS   : -52.380

Type  : Fast Model Minimum Pulse Width 'cont_4:inst1|clk_o'
Slack : -0.500
TNS   : -4.000

Type  : Fast Model Minimum Pulse Width 'elimina_rebote:inst3|state.valid'
Slack : 0.500
TNS   : 0.000

------------------------------------------------------------
