------------------------------------------------------------
Timing Analyzer Summary
------------------------------------------------------------

Type  : Slow 1200mV 85C Model Setup 'CLK'
Slack : -3.159
TNS   : -85.634

Type  : Slow 1200mV 85C Model Setup 'elimina_rebote:inst3|state.valid'
Slack : -0.598
TNS   : -1.801

Type  : Slow 1200mV 85C Model Setup 'cont_4:inst1|clk_o'
Slack : -0.202
TNS   : -0.698

Type  : Slow 1200mV 85C Model Hold 'elimina_rebote:inst3|state.valid'
Slack : 0.115
TNS   : 0.000

Type  : Slow 1200mV 85C Model Hold 'CLK'
Slack : 0.357
TNS   : 0.000

Type  : Slow 1200mV 85C Model Hold 'cont_4:inst1|clk_o'
Slack : 0.358
TNS   : 0.000

Type  : Slow 1200mV 85C Model Minimum Pulse Width 'CLK'
Slack : -3.000
TNS   : -54.000

Type  : Slow 1200mV 85C Model Minimum Pulse Width 'cont_4:inst1|clk_o'
Slack : -1.000
TNS   : -4.000

Type  : Slow 1200mV 85C Model Minimum Pulse Width 'elimina_rebote:inst3|state.valid'
Slack : 0.354
TNS   : 0.000

Type  : Slow 1200mV 0C Model Setup 'CLK'
Slack : -2.718
TNS   : -71.050

Type  : Slow 1200mV 0C Model Setup 'elimina_rebote:inst3|state.valid'
Slack : -0.518
TNS   : -1.546

Type  : Slow 1200mV 0C Model Setup 'cont_4:inst1|clk_o'
Slack : -0.074
TNS   : -0.172

Type  : Slow 1200mV 0C Model Hold 'elimina_rebote:inst3|state.valid'
Slack : 0.202
TNS   : 0.000

Type  : Slow 1200mV 0C Model Hold 'CLK'
Slack : 0.311
TNS   : 0.000

Type  : Slow 1200mV 0C Model Hold 'cont_4:inst1|clk_o'
Slack : 0.312
TNS   : 0.000

Type  : Slow 1200mV 0C Model Minimum Pulse Width 'CLK'
Slack : -3.000
TNS   : -54.000

Type  : Slow 1200mV 0C Model Minimum Pulse Width 'cont_4:inst1|clk_o'
Slack : -1.000
TNS   : -4.000

Type  : Slow 1200mV 0C Model Minimum Pulse Width 'elimina_rebote:inst3|state.valid'
Slack : 0.438
TNS   : 0.000

Type  : Fast 1200mV 0C Model Setup 'CLK'
Slack : -1.291
TNS   : -27.054

Type  : Fast 1200mV 0C Model Setup 'elimina_rebote:inst3|state.valid'
Slack : -0.014
TNS   : -0.014

Type  : Fast 1200mV 0C Model Setup 'cont_4:inst1|clk_o'
Slack : 0.317
TNS   : 0.000

Type  : Fast 1200mV 0C Model Hold 'elimina_rebote:inst3|state.valid'
Slack : 0.161
TNS   : 0.000

Type  : Fast 1200mV 0C Model Hold 'CLK'
Slack : 0.175
TNS   : 0.000

Type  : Fast 1200mV 0C Model Hold 'cont_4:inst1|clk_o'
Slack : 0.187
TNS   : 0.000

Type  : Fast 1200mV 0C Model Minimum Pulse Width 'CLK'
Slack : -3.000
TNS   : -69.116

Type  : Fast 1200mV 0C Model Minimum Pulse Width 'cont_4:inst1|clk_o'
Slack : -1.000
TNS   : -4.000

Type  : Fast 1200mV 0C Model Minimum Pulse Width 'elimina_rebote:inst3|state.valid'
Slack : 0.316
TNS   : 0.000

------------------------------------------------------------
