------------------------------------------------------------
TimeQuest Timing Analyzer Summary
------------------------------------------------------------

Type  : Slow Model Setup 'clk'
Slack : -4.694
TNS   : -3051.339

Type  : Slow Model Setup 'Proyect5_8bit:inst|clk_2'
Slack : -2.896
TNS   : -130.298

Type  : Slow Model Hold 'clk'
Slack : -2.557
TNS   : -2.557

Type  : Slow Model Hold 'Proyect5_8bit:inst|clk_2'
Slack : 0.391
TNS   : 0.000

Type  : Slow Model Minimum Pulse Width 'clk'
Slack : -1.627
TNS   : -8479.748

Type  : Slow Model Minimum Pulse Width 'Proyect5_8bit:inst|clk_2'
Slack : -0.500
TNS   : -58.000

Type  : Fast Model Setup 'clk'
Slack : -1.604
TNS   : -973.386

Type  : Fast Model Setup 'Proyect5_8bit:inst|clk_2'
Slack : -1.275
TNS   : -38.267

Type  : Fast Model Hold 'clk'
Slack : -1.597
TNS   : -1.597

Type  : Fast Model Hold 'Proyect5_8bit:inst|clk_2'
Slack : 0.215
TNS   : 0.000

Type  : Fast Model Minimum Pulse Width 'clk'
Slack : -1.627
TNS   : -8479.748

Type  : Fast Model Minimum Pulse Width 'Proyect5_8bit:inst|clk_2'
Slack : -0.500
TNS   : -58.000

------------------------------------------------------------
