------------------------------------------------------------
TimeQuest Timing Analyzer Summary
------------------------------------------------------------

Type  : Slow Model Setup 'clk'
Slack : -3.537
TNS   : -43.072

Type  : Slow Model Setup 'cuadrado:inst|clk_8'
Slack : -3.130
TNS   : -103.208

Type  : Slow Model Setup 'Proyect5:inst1|clk_2'
Slack : -2.541
TNS   : -82.428

Type  : Slow Model Hold 'clk'
Slack : -2.538
TNS   : -5.074

Type  : Slow Model Hold 'Proyect5:inst1|clk_2'
Slack : 0.391
TNS   : 0.000

Type  : Slow Model Hold 'cuadrado:inst|clk_8'
Slack : 0.391
TNS   : 0.000

Type  : Slow Model Minimum Pulse Width 'clk'
Slack : -1.380
TNS   : -25.380

Type  : Slow Model Minimum Pulse Width 'Proyect5:inst1|clk_2'
Slack : -0.500
TNS   : -46.000

Type  : Slow Model Minimum Pulse Width 'cuadrado:inst|clk_8'
Slack : -0.500
TNS   : -38.000

Type  : Fast Model Setup 'clk'
Slack : -1.104
TNS   : -9.098

Type  : Fast Model Setup 'cuadrado:inst|clk_8'
Slack : -0.841
TNS   : -26.550

Type  : Fast Model Setup 'Proyect5:inst1|clk_2'
Slack : -0.618
TNS   : -18.606

Type  : Fast Model Hold 'clk'
Slack : -1.583
TNS   : -3.163

Type  : Fast Model Hold 'Proyect5:inst1|clk_2'
Slack : 0.215
TNS   : 0.000

Type  : Fast Model Hold 'cuadrado:inst|clk_8'
Slack : 0.215
TNS   : 0.000

Type  : Fast Model Minimum Pulse Width 'clk'
Slack : -1.380
TNS   : -25.380

Type  : Fast Model Minimum Pulse Width 'Proyect5:inst1|clk_2'
Slack : -0.500
TNS   : -46.000

Type  : Fast Model Minimum Pulse Width 'cuadrado:inst|clk_8'
Slack : -0.500
TNS   : -38.000

------------------------------------------------------------
