------------------------------------------------------------
Timing Analyzer Summary
------------------------------------------------------------

Type  : Slow 1200mV 85C Model Setup 'clk'
Slack : -4.420
TNS   : -45.293

Type  : Slow 1200mV 85C Model Setup 'cuadrado:inst|clk_div'
Slack : -2.943
TNS   : -90.070

Type  : Slow 1200mV 85C Model Setup 'Proyect5:inst1|clk_2'
Slack : -2.382
TNS   : -73.363

Type  : Slow 1200mV 85C Model Hold 'clk'
Slack : 0.117
TNS   : 0.000

Type  : Slow 1200mV 85C Model Hold 'Proyect5:inst1|clk_2'
Slack : 0.356
TNS   : 0.000

Type  : Slow 1200mV 85C Model Hold 'cuadrado:inst|clk_div'
Slack : 0.357
TNS   : 0.000

Type  : Slow 1200mV 85C Model Minimum Pulse Width 'clk'
Slack : -3.000
TNS   : -26.000

Type  : Slow 1200mV 85C Model Minimum Pulse Width 'Proyect5:inst1|clk_2'
Slack : -1.000
TNS   : -46.000

Type  : Slow 1200mV 85C Model Minimum Pulse Width 'cuadrado:inst|clk_div'
Slack : -1.000
TNS   : -40.000

Type  : Slow 1200mV 0C Model Setup 'clk'
Slack : -3.921
TNS   : -38.215

Type  : Slow 1200mV 0C Model Setup 'cuadrado:inst|clk_div'
Slack : -2.574
TNS   : -77.554

Type  : Slow 1200mV 0C Model Setup 'Proyect5:inst1|clk_2'
Slack : -2.103
TNS   : -63.902

Type  : Slow 1200mV 0C Model Hold 'clk'
Slack : 0.097
TNS   : 0.000

Type  : Slow 1200mV 0C Model Hold 'cuadrado:inst|clk_div'
Slack : 0.311
TNS   : 0.000

Type  : Slow 1200mV 0C Model Hold 'Proyect5:inst1|clk_2'
Slack : 0.312
TNS   : 0.000

Type  : Slow 1200mV 0C Model Minimum Pulse Width 'clk'
Slack : -3.000
TNS   : -26.000

Type  : Slow 1200mV 0C Model Minimum Pulse Width 'Proyect5:inst1|clk_2'
Slack : -1.000
TNS   : -46.000

Type  : Slow 1200mV 0C Model Minimum Pulse Width 'cuadrado:inst|clk_div'
Slack : -1.000
TNS   : -40.000

Type  : Fast 1200mV 0C Model Setup 'clk'
Slack : -2.061
TNS   : -16.726

Type  : Fast 1200mV 0C Model Setup 'cuadrado:inst|clk_div'
Slack : -1.237
TNS   : -32.679

Type  : Fast 1200mV 0C Model Setup 'Proyect5:inst1|clk_2'
Slack : -0.965
TNS   : -25.664

Type  : Fast 1200mV 0C Model Hold 'clk'
Slack : 0.056
TNS   : 0.000

Type  : Fast 1200mV 0C Model Hold 'cuadrado:inst|clk_div'
Slack : 0.186
TNS   : 0.000

Type  : Fast 1200mV 0C Model Hold 'Proyect5:inst1|clk_2'
Slack : 0.187
TNS   : 0.000

Type  : Fast 1200mV 0C Model Minimum Pulse Width 'clk'
Slack : -3.000
TNS   : -27.486

Type  : Fast 1200mV 0C Model Minimum Pulse Width 'Proyect5:inst1|clk_2'
Slack : -1.000
TNS   : -46.000

Type  : Fast 1200mV 0C Model Minimum Pulse Width 'cuadrado:inst|clk_div'
Slack : -1.000
TNS   : -40.000

------------------------------------------------------------
